// Jest Snapshot v1, https://goo.gl/fbAQLP

exports[`renders correctly 1`] = `
<div
  className="main-footer"
>
  <h2>
    Команда разработчиков
  </h2>
  <div
    className="developer-container"
  >
    <div
      className="developer-item"
    >
      <img
        alt="a"
        src="img1"
      />
      <p>
        a
      </p>
    </div>
    <div
      className="developer-item"
    >
      <img
        alt="b"
        src="img2"
      />
      <p>
        b
      </p>
    </div>
  </div>
</div>
`;
