// Jest Snapshot v1, https://goo.gl/fbAQLP

exports[`renders correctly 1`] = `
<div
  className="main-footer"
>
  <h2>
    Команда разработчиков
  </h2>
  <div
    className="developer-container"
  >
    <div
      className="developer-item"
    >
      <img
        alt=""
        src="https://cdn4.iconfinder.com/data/icons/avatars-xmas-giveaway/128/batman_hero_avatar_comics-64.png"
      />
      <p>
        Developer
      </p>
    </div>
  </div>
</div>
`;
