// Jest Snapshot v1, https://goo.gl/fbAQLP

exports[`renders correctly 1`] = `
<div
  className="navbar-container"
>
  <nav>
    <ul>
      <li
        className="not-active"
      >
        <a
          href="#home"
          id="home"
        >
          главная
        </a>
      </li>
      <li
        className="active"
      >
        <a
          href="#list"
          id="list"
        >
          список режиссеров
        </a>
      </li>
    </ul>
  </nav>
</div>
`;
